Resource Usage Report for MSS_SUBSYSTEM_sb_0 

Mapping to part: m2s060fbga484std
Cell usage:
CCC             1 use
CLKINT          11 uses
MSS_060         1 use
RCOSC_25_50MHZ  1 use
RCOSC_25_50MHZ_FAB  1 use
SYSRESET        1 use
UJTAG           1 use
CFG1           22 uses
CFG2           1365 uses
CFG3           4433 uses
CFG4           5076 uses

Carry cells:
ARI1            1015 uses - used for arithmetic functions
ARI1            120 uses - used for Wide-Mux implementation
Total ARI1      1135 uses


Sequential Cells: 
SLE            5642 uses

DSP Blocks:    2 of 72 (2%)
 MACC:         1 Mult
 MACC:         1 MultAdd

I/O ports: 66
I/O primitives: 59
BIBUF          20 uses
INBUF          6 uses
OUTBUF         32 uses
OUTBUF_DIFF    1 use


Global Clock Buffers: 11 of 8 (137%)


Total LUTs:    12031

Extra resources required for RAM and MACC interface logic during P&R:

RAM64x18 Interface Logic : SLEs = 288; LUTs = 288;
RAM1K18  Interface Logic : SLEs = 288; LUTs = 288;
MACC     Interface Logic : SLEs = 72; LUTs = 72;

Total number of SLEs after P&R:  5642 + 288 + 288 + 72 = 6290;
Total number of LUTs after P&R:  12031 + 288 + 288 + 72 = 12679;

