*****************************************************************
Pin Report - Date: Wed Jun 06 15:25:07 2018 Pinchecksum: NOT-AVAILABLE
Product: Designer
Release: v11.8 SP3
Version: 11.8.3.6
Design Name: PROC_SUBSYSTEM
Family: SmartFusion2
Die: M2S060
Package: 484 FBGA
*****************************************************************

Port                  |Pin |Fixed |Function                                                        |Bank     |I/O Std   |Direction                      |I/O state in Flash*Freeze mode |Resistor Pull                      |I/O available in Flash*Freeze mode |Schmitt Trigger |Odt_Static    |Odt Imp (Ohm)  |Low Power Exit |Input Delay |Slew         |Pre-Emphasis      |Output Drive (mA) |Output Load (pF) |
----------------------|----|------|----------------------------------------------------------------|---------|----------|-------------------------------|-------------------------------|-----------------------------------|-----------------------------------|----------------|--------------|---------------|---------------|------------|-------------|------------------|------------------|-----------------|
DEVRST_N               R15  Fixed  DEVRST_N                                                         ---       
GPIO_IN[0]             G19  Yes    MSIO43PB2/MMUART_1_CLK/GPIO_25_B/USB_DATA4_C/GB14/VCCC_SE1_CLKI  Bank2     LVCMOS25   Input                           TRISTATE                        None                                No                                  Off              ---            ---             Off             Off          ---           ---                ---                ---               
GPIO_IN[1]             H20  Yes    MSIO42PB2/USB_XCLK_C/GB10/VCCC_SE0_CLKI                          Bank2     LVCMOS25   Input                           TRISTATE                        None                                No                                  Off              ---            ---             Off             Off          ---           ---                ---                ---               
GPIO_IN[2]             F20  Yes    MSIO44NB2/MMUART_0_DTR/GPIO_18_B/USB_DATA6_C                     Bank2     LVCMOS25   Input                           TRISTATE                        None                                No                                  Off              ---            ---             Off             Off          ---           ---                ---                ---               
GPIO_IN[3]             F21  Yes    MSIO44PB2/MMUART_0_RTS/GPIO_17_B/USB_DATA5_C                     Bank2     LVCMOS25   Input                           TRISTATE                        None                                No                                  Off              ---            ---             Off             Off          ---           ---                ---                ---               
GPIO_OUT[0]            W9   Yes    MSIO162PB6                                                       Bank6     LVCMOS25   Output                          TRISTATE                        None                                No                                  ---              ---            ---             ---             ---          SLOW          ---                4                  5                 
GPIO_OUT[1]            F5   Yes    MSIO110PB9                                                       Bank9     LVCMOS25   Output                          TRISTATE                        None                                No                                  ---              ---            ---             ---             ---          SLOW          ---                4                  5                 
GPIO_OUT[2]            K15  Yes    MSIO22NB4/SPI_0_SS2/GPIO_9_A/USB_DATA6_A                         Bank4     LVCMOS25   Output                          TRISTATE                        None                                No                                  ---              ---            ---             ---             ---          SLOW          ---                4                  5                 
GPIO_OUT[3]            B1   Yes    MSIO114NB9                                                       Bank9     LVCMOS25   Output                          TRISTATE                        None                                No                                  ---              ---            ---             ---             ---          SLOW          ---                4                  5                 
MDDR_ADDR[0]           B17  Yes    DDRIO58NB1/MDDR_ADDR0                                            Bank1     LPDDRI     Output                          TRISTATE                        None                                ---                                 ---              ---            ---             ---             ---          ---           ---                ---                5                 
MDDR_ADDR[1]           D16  Yes    DDRIO57PB1/MDDR_ADDR1                                            Bank1     LPDDRI     Output                          TRISTATE                        None                                ---                                 ---              ---            ---             ---             ---          ---           ---                ---                5                 
MDDR_ADDR[2]           E16  Yes    DDRIO57NB1/MDDR_ADDR2                                            Bank1     LPDDRI     Output                          TRISTATE                        None                                ---                                 ---              ---            ---             ---             ---          ---           ---                ---                5                 
MDDR_ADDR[3]           C17  Yes    DDRIO56PB1/MDDR_ADDR3                                            Bank1     LPDDRI     Output                          TRISTATE                        None                                ---                                 ---              ---            ---             ---             ---          ---           ---                ---                5                 
MDDR_ADDR[4]           C18  Yes    DDRIO56NB1/MDDR_ADDR4                                            Bank1     LPDDRI     Output                          TRISTATE                        None                                ---                                 ---              ---            ---             ---             ---          ---           ---                ---                5                 
MDDR_ADDR[5]           B19  Yes    DDRIO55PB1/MDDR_ADDR5                                            Bank1     LPDDRI     Output                          TRISTATE                        None                                ---                                 ---              ---            ---             ---             ---          ---           ---                ---                5                 
MDDR_ADDR[6]           A20  Yes    DDRIO55NB1/MDDR_ADDR6                                            Bank1     LPDDRI     Output                          TRISTATE                        None                                ---                                 ---              ---            ---             ---             ---          ---           ---                ---                5                 
MDDR_ADDR[7]           C19  Yes    DDRIO54NB1/MDDR_ADDR7                                            Bank1     LPDDRI     Output                          TRISTATE                        None                                ---                                 ---              ---            ---             ---             ---          ---           ---                ---                5                 
MDDR_ADDR[8]           E17  Yes    DDRIO53PB1/MDDR_ADDR8                                            Bank1     LPDDRI     Output                          TRISTATE                        None                                ---                                 ---              ---            ---             ---             ---          ---           ---                ---                5                 
MDDR_ADDR[9]           F17  Yes    DDRIO53NB1/MDDR_ADDR9                                            Bank1     LPDDRI     Output                          TRISTATE                        None                                ---                                 ---              ---            ---             ---             ---          ---           ---                ---                5                 
MDDR_ADDR[10]          A21  Yes    DDRIO52PB1/MDDR_ADDR10                                           Bank1     LPDDRI     Output                          TRISTATE                        None                                ---                                 ---              ---            ---             ---             ---          ---           ---                ---                5                 
MDDR_ADDR[11]          B21  Yes    DDRIO52NB1/MDDR_ADDR11                                           Bank1     LPDDRI     Output                          TRISTATE                        None                                ---                                 ---              ---            ---             ---             ---          ---           ---                ---                5                 
MDDR_ADDR[12]          E19  Yes    DDRIO51PB1/MDDR_ADDR12                                           Bank1     LPDDRI     Output                          TRISTATE                        None                                ---                                 ---              ---            ---             ---             ---          ---           ---                ---                5                 
MDDR_ADDR[13]          D20  Yes    DDRIO51NB1/MDDR_ADDR13                                           Bank1     LPDDRI     Output                          TRISTATE                        None                                ---                                 ---              ---            ---             ---             ---          ---           ---                ---                5                 
MDDR_ADDR[14]          D18  Yes    DDRIO50PB1/MDDR_ADDR14                                           Bank1     LPDDRI     Output                          TRISTATE                        None                                ---                                 ---              ---            ---             ---             ---          ---           ---                ---                5                 
MDDR_ADDR[15]          E18  Yes    DDRIO50NB1/MDDR_ADDR15                                           Bank1     LPDDRI     Output                          TRISTATE                        None                                ---                                 ---              ---            ---             ---             ---          ---           ---                ---                5                 
MDDR_BA[0]             A18  Yes    DDRIO59PB1/MDDR_BA0                                              Bank1     LPDDRI     Output                          TRISTATE                        None                                ---                                 ---              ---            ---             ---             ---          ---           ---                ---                5                 
MDDR_BA[1]             A19  Yes    DDRIO59NB1/MDDR_BA1                                              Bank1     LPDDRI     Output                          TRISTATE                        None                                ---                                 ---              ---            ---             ---             ---          ---           ---                ---                5                 
MDDR_BA[2]             C16  Yes    DDRIO58PB1/MDDR_BA2                                              Bank1     LPDDRI     Output                          TRISTATE                        None                                ---                                 ---              ---            ---             ---             ---          ---           ---                ---                5                 
MDDR_CAS_N             F15  Yes    DDRIO61NB1/MDDR_CAS_N                                            Bank1     LPDDRI     Output                          TRISTATE                        None                                ---                                 ---              ---            ---             ---             ---          ---           ---                ---                5                 
MDDR_CKE               B15  Yes    DDRIO62PB1/MDDR_CKE                                              Bank1     LPDDRI     Output                          TRISTATE                        None                                ---                                 ---              ---            ---             ---             ---          ---           ---                ---                5                 
MDDR_CLK               A16  Yes    DDRIO60PB1/MDDR_CLK                                              Bank1     LPDDRI     Output                          TRISTATE                        None                                ---                                 ---              ---            ---             ---             ---          ---           ---                ---                5                 
MDDR_CLK_N             A17  Yes    DDRIO60NB1/MDDR_CLK_N                                            Bank1     LPDDRI     Output                          TRISTATE                        None                                ---                                 ---              ---            ---             ---             ---          ---           ---                ---                5                 
MDDR_CS_N              C15  Yes    DDRIO62NB1/MDDR_CS_N                                             Bank1     LPDDRI     Output                          TRISTATE                        None                                ---                                 ---              ---            ---             ---             ---          ---           ---                ---                5                 
MDDR_DM_RDQS[0]        A10  Yes    DDRIO72PB1/MDDR_DM_RDQS0                                         Bank1     LPDDRI     Inout                           TRISTATE                        None                                ---                                 ---              Off            50              Off             Off          ---           ---                ---                5                 
MDDR_DM_RDQS[1]        G13  Yes    DDRIO66NB1/MDDR_DM_RDQS1                                         Bank1     LPDDRI     Inout                           TRISTATE                        None                                ---                                 ---              Off            50              Off             Off          ---           ---                ---                5                 
MDDR_DQ[0]             B9   Yes    DDRIO75PB1/MDDR_DQ0                                              Bank1     LPDDRI     Inout                           TRISTATE                        None                                ---                                 ---              Off            50              Off             Off          ---           ---                ---                5                 
MDDR_DQ[1]             A9   Yes    DDRIO75NB1/MDDR_DQ1                                              Bank1     LPDDRI     Inout                           TRISTATE                        None                                ---                                 ---              Off            50              Off             Off          ---           ---                ---                5                 
MDDR_DQ[2]             F10  Yes    DDRIO74PB1/MDDR_DQ2                                              Bank1     LPDDRI     Inout                           TRISTATE                        None                                ---                                 ---              Off            50              Off             Off          ---           ---                ---                5                 
MDDR_DQ[3]             E10  Yes    DDRIO74NB1/MDDR_DQ3                                              Bank1     LPDDRI     Inout                           TRISTATE                        None                                ---                                 ---              Off            50              Off             Off          ---           ---                ---                5                 
MDDR_DQ[4]             A11  Yes    DDRIO72NB1/MDDR_DQ4                                              Bank1     LPDDRI     Inout                           TRISTATE                        None                                ---                                 ---              Off            50              Off             Off          ---           ---                ---                5                 
MDDR_DQ[5]             D10  Yes    DDRIO71PB1/MDDR_DQ5                                              Bank1     LPDDRI     Inout                           TRISTATE                        None                                ---                                 ---              Off            50              Off             Off          ---           ---                ---                5                 
MDDR_DQ[6]             D11  Yes    DDRIO71NB1/MDDR_DQ6                                              Bank1     LPDDRI     Inout                           TRISTATE                        None                                ---                                 ---              Off            50              Off             Off          ---           ---                ---                5                 
MDDR_DQ[7]             E12  Yes    DDRIO70PB1/MDDR_DQ7                                              Bank1     LPDDRI     Inout                           TRISTATE                        None                                ---                                 ---              Off            50              Off             Off          ---           ---                ---                5                 
MDDR_DQ[8]             A12  Yes    DDRIO69PB1/MDDR_DQ8                                              Bank1     LPDDRI     Inout                           TRISTATE                        None                                ---                                 ---              Off            50              Off             Off          ---           ---                ---                5                 
MDDR_DQ[9]             A13  Yes    DDRIO69NB1/MDDR_DQ9                                              Bank1     LPDDRI     Inout                           TRISTATE                        None                                ---                                 ---              Off            50              Off             Off          ---           ---                ---                5                 
MDDR_DQ[10]            D12  Yes    DDRIO68PB1/MDDR_DQ10/CCC_NE0_CLKI2                               Bank1     LPDDRI     Inout                           TRISTATE                        None                                ---                                 ---              Off            50              Off             Off          ---           ---                ---                5                 
MDDR_DQ[11]            D13  Yes    DDRIO68NB1/MDDR_DQ11                                             Bank1     LPDDRI     Inout                           TRISTATE                        None                                ---                                 ---              Off            50              Off             Off          ---           ---                ---                5                 
MDDR_DQ[12]            A14  Yes    DDRIO65PB1/MDDR_DQ12/GB12/CCC_NE1_CLKI2                          Bank1     LPDDRI     Inout                           TRISTATE                        None                                ---                                 ---              Off            50              Off             Off          ---           ---                ---                5                 
MDDR_DQ[13]            A15  Yes    DDRIO65NB1/MDDR_DQ13                                             Bank1     LPDDRI     Inout                           TRISTATE                        None                                ---                                 ---              Off            50              Off             Off          ---           ---                ---                5                 
MDDR_DQ[14]            D14  Yes    DDRIO64PB1/MDDR_DQ14/CCC_NE1_CLKI3                               Bank1     LPDDRI     Inout                           TRISTATE                        None                                ---                                 ---              Off            50              Off             Off          ---           ---                ---                5                 
MDDR_DQ[15]            E13  Yes    DDRIO64NB1/MDDR_DQ15                                             Bank1     LPDDRI     Inout                           TRISTATE                        None                                ---                                 ---              Off            50              Off             Off          ---           ---                ---                5                 
MDDR_DQS[0]            B11  Yes    DDRIO73PB1/MDDR_DQS0                                             Bank1     LPDDRI     Inout                           TRISTATE                        None                                ---                                 ---              Off            50              Off             Off          ---           ---                ---                5                 
MDDR_DQS[1]            B13  Yes    DDRIO67PB1/MDDR_DQS1/GB8/CCC_NE0_CLKI3                           Bank1     LPDDRI     Inout                           TRISTATE                        None                                ---                                 ---              Off            50              Off             Off          ---           ---                ---                5                 
MDDR_DQS_TMATCH_0_IN   G12  Yes    DDRIO66PB1/MDDR_TMATCH_0_IN                                      Bank1     LPDDRI     Input                           TRISTATE                        None                                ---                                 ---              Off            50              Off             Off          ---           ---                ---                ---               
MDDR_DQS_TMATCH_0_OUT  F12  Yes    DDRIO70NB1/MDDR_TMATCH_0_OUT                                     Bank1     LPDDRI     Output                          TRISTATE                        None                                ---                                 ---              ---            ---             ---             ---          ---           ---                ---                5                 
MDDR_ODT               C20  Yes    DDRIO54PB1/MDDR_ODT                                              Bank1     LPDDRI     Output                          TRISTATE                        None                                ---                                 ---              ---            ---             ---             ---          ---           ---                ---                5                 
MDDR_RAS_N             F14  Yes    DDRIO63PB1/MDDR_RAS_N                                            Bank1     LPDDRI     Output                          TRISTATE                        None                                ---                                 ---              ---            ---             ---             ---          ---           ---                ---                5                 
MDDR_RESET_N           E15  Yes    DDRIO61PB1/MDDR_RESET_N                                          Bank1     LPDDRI     Output                          TRISTATE                        None                                ---                                 ---              ---            ---             ---             ---          ---           ---                ---                5                 
MDDR_WE_N              G14  Yes    DDRIO63NB1/MDDR_WE_N                                             Bank1     LPDDRI     Output                          TRISTATE                        None                                ---                                 ---              ---            ---             ---             ---          ---           ---                ---                5                 
RX                     G18  Yes    MSIO43NB2/MMUART_1_RXD/GPIO_26_B/USB_DATA3_C                     Bank2     LVCMOS25   Input                           TRISTATE                        None                                No                                  Off              ---            ---             Off             Off          ---           ---                ---                ---               
TCK                    W20  Fixed  JTAG_TCK/M3_TCK                                                  ---       
TDI                    W22  Fixed  JTAG_TDI/M3_TDI                                                  ---       
TDO                    Y21  Fixed  JTAG_TDO/M3_TDO/M3_SWO                                           ---       
TMS                    V20  Fixed  JTAG_TMS/M3_TMS/M3_SWDIO                                         ---       
TRSTB                  Y22  Fixed  JTAG_TRSTB/M3_TRSTB                                              ---       
TX                     H19  Yes    MSIO42NB2/MMUART_1_TXD/GPIO_24_B/USB_DATA2_C                     Bank2     LVCMOS25   Output                          TRISTATE                        None                                No                                  ---              ---            ---             ---             ---          SLOW          ---                4                  5                 
